Archive member included to satisfy reference by file (symbol)

.pioenvs\nanoatmega328\libd02\libaoFuzzy.a(aoFuzzy.cpp.o)
                              .pioenvs\nanoatmega328\src\main.cpp.o (symbol from plugin) (_ZN7FuzzyAOC1Ev)
.pioenvs\nanoatmega328\libFrameworkArduino.a(main.cpp.o)
                              d:/users/andov/.platformio/packages/toolchain-atmelavr/bin/../lib/gcc/avr/5.4.0/../../../../avr/lib/avr5/crtatmega328p.o (main)
.pioenvs\nanoatmega328\libFrameworkArduino.a(wiring.c.o)
                              main.cpp.o (symbol from plugin) (init)
.pioenvs\nanoatmega328\libFrameworkArduino.a(hooks.c.o)
                              wiring.c.o (symbol from plugin) (yield)
d:/users/andov/.platformio/packages/toolchain-atmelavr/bin/../lib/gcc/avr/5.4.0/avr5\libgcc.a(_exit.o)
                              d:/users/andov/.platformio/packages/toolchain-atmelavr/bin/../lib/gcc/avr/5.4.0/../../../../avr/lib/avr5/crtatmega328p.o (exit)
d:/users/andov/.platformio/packages/toolchain-atmelavr/bin/../lib/gcc/avr/5.4.0/avr5\libgcc.a(_copy_data.o)
                              D:\Users\andov\AppData\Local\Temp\cc3lqzUU.ltrans0.ltrans.o (__do_copy_data)
d:/users/andov/.platformio/packages/toolchain-atmelavr/bin/../lib/gcc/avr/5.4.0/avr5\libgcc.a(_clear_bss.o)
                              D:\Users\andov\AppData\Local\Temp\cc3lqzUU.ltrans0.ltrans.o (__do_clear_bss)
d:/users/andov/.platformio/packages/toolchain-atmelavr/bin/../lib/gcc/avr/5.4.0/../../../../avr/lib/avr5\libm.a(addsf3.o)
                              D:\Users\andov\AppData\Local\Temp\cc3lqzUU.ltrans0.ltrans.o (__subsf3)
d:/users/andov/.platformio/packages/toolchain-atmelavr/bin/../lib/gcc/avr/5.4.0/../../../../avr/lib/avr5\libm.a(addsf3x.o)
                              d:/users/andov/.platformio/packages/toolchain-atmelavr/bin/../lib/gcc/avr/5.4.0/../../../../avr/lib/avr5\libm.a(addsf3.o) (__addsf3x)
d:/users/andov/.platformio/packages/toolchain-atmelavr/bin/../lib/gcc/avr/5.4.0/../../../../avr/lib/avr5\libm.a(cmpsf2.o)
                              D:\Users\andov\AppData\Local\Temp\cc3lqzUU.ltrans0.ltrans.o (__eqsf2)
d:/users/andov/.platformio/packages/toolchain-atmelavr/bin/../lib/gcc/avr/5.4.0/../../../../avr/lib/avr5\libm.a(divsf3.o)
                              D:\Users\andov\AppData\Local\Temp\cc3lqzUU.ltrans0.ltrans.o (__divsf3)
d:/users/andov/.platformio/packages/toolchain-atmelavr/bin/../lib/gcc/avr/5.4.0/../../../../avr/lib/avr5\libm.a(divsf3x.o)
                              d:/users/andov/.platformio/packages/toolchain-atmelavr/bin/../lib/gcc/avr/5.4.0/../../../../avr/lib/avr5\libm.a(divsf3.o) (__divsf3x)
d:/users/andov/.platformio/packages/toolchain-atmelavr/bin/../lib/gcc/avr/5.4.0/../../../../avr/lib/avr5\libm.a(fp_cmp.o)
                              d:/users/andov/.platformio/packages/toolchain-atmelavr/bin/../lib/gcc/avr/5.4.0/../../../../avr/lib/avr5\libm.a(cmpsf2.o) (__fp_cmp)
d:/users/andov/.platformio/packages/toolchain-atmelavr/bin/../lib/gcc/avr/5.4.0/../../../../avr/lib/avr5\libm.a(fp_inf.o)
                              d:/users/andov/.platformio/packages/toolchain-atmelavr/bin/../lib/gcc/avr/5.4.0/../../../../avr/lib/avr5\libm.a(addsf3x.o) (__fp_inf)
d:/users/andov/.platformio/packages/toolchain-atmelavr/bin/../lib/gcc/avr/5.4.0/../../../../avr/lib/avr5\libm.a(fp_nan.o)
                              d:/users/andov/.platformio/packages/toolchain-atmelavr/bin/../lib/gcc/avr/5.4.0/../../../../avr/lib/avr5\libm.a(addsf3x.o) (__fp_nan)
d:/users/andov/.platformio/packages/toolchain-atmelavr/bin/../lib/gcc/avr/5.4.0/../../../../avr/lib/avr5\libm.a(fp_pscA.o)
                              d:/users/andov/.platformio/packages/toolchain-atmelavr/bin/../lib/gcc/avr/5.4.0/../../../../avr/lib/avr5\libm.a(addsf3x.o) (__fp_pscA)
d:/users/andov/.platformio/packages/toolchain-atmelavr/bin/../lib/gcc/avr/5.4.0/../../../../avr/lib/avr5\libm.a(fp_pscB.o)
                              d:/users/andov/.platformio/packages/toolchain-atmelavr/bin/../lib/gcc/avr/5.4.0/../../../../avr/lib/avr5\libm.a(addsf3x.o) (__fp_pscB)
d:/users/andov/.platformio/packages/toolchain-atmelavr/bin/../lib/gcc/avr/5.4.0/../../../../avr/lib/avr5\libm.a(fp_round.o)
                              d:/users/andov/.platformio/packages/toolchain-atmelavr/bin/../lib/gcc/avr/5.4.0/../../../../avr/lib/avr5\libm.a(addsf3.o) (__fp_round)
d:/users/andov/.platformio/packages/toolchain-atmelavr/bin/../lib/gcc/avr/5.4.0/../../../../avr/lib/avr5\libm.a(fp_split3.o)
                              d:/users/andov/.platformio/packages/toolchain-atmelavr/bin/../lib/gcc/avr/5.4.0/../../../../avr/lib/avr5\libm.a(addsf3x.o) (__fp_split3)
d:/users/andov/.platformio/packages/toolchain-atmelavr/bin/../lib/gcc/avr/5.4.0/../../../../avr/lib/avr5\libm.a(fp_zero.o)
                              d:/users/andov/.platformio/packages/toolchain-atmelavr/bin/../lib/gcc/avr/5.4.0/../../../../avr/lib/avr5\libm.a(addsf3x.o) (__fp_zero)
d:/users/andov/.platformio/packages/toolchain-atmelavr/bin/../lib/gcc/avr/5.4.0/../../../../avr/lib/avr5\libm.a(gesf2.o)
                              D:\Users\andov\AppData\Local\Temp\cc3lqzUU.ltrans0.ltrans.o (__gesf2)
d:/users/andov/.platformio/packages/toolchain-atmelavr/bin/../lib/gcc/avr/5.4.0/../../../../avr/lib/avr5\libm.a(mulsf3.o)
                              D:\Users\andov\AppData\Local\Temp\cc3lqzUU.ltrans0.ltrans.o (__mulsf3)
d:/users/andov/.platformio/packages/toolchain-atmelavr/bin/../lib/gcc/avr/5.4.0/../../../../avr/lib/avr5\libm.a(mulsf3x.o)
                              d:/users/andov/.platformio/packages/toolchain-atmelavr/bin/../lib/gcc/avr/5.4.0/../../../../avr/lib/avr5\libm.a(mulsf3.o) (__mulsf3x)

Discarded input sections

 .data          0x00000000        0x0 d:/users/andov/.platformio/packages/toolchain-atmelavr/bin/../lib/gcc/avr/5.4.0/../../../../avr/lib/avr5/crtatmega328p.o
 .bss           0x00000000        0x0 d:/users/andov/.platformio/packages/toolchain-atmelavr/bin/../lib/gcc/avr/5.4.0/../../../../avr/lib/avr5/crtatmega328p.o
 .text          0x00000000        0x0 .pioenvs\nanoatmega328\src\main.cpp.o (symbol from plugin)
 .data          0x00000000        0x0 D:\Users\andov\AppData\Local\Temp\cc3lqzUU.ltrans0.ltrans.o
 .text          0x00000000        0x0 aoFuzzy.cpp.o (symbol from plugin)
 .text          0x00000000        0x0 main.cpp.o (symbol from plugin)
 .text          0x00000000        0x0 wiring.c.o (symbol from plugin)
 .text          0x00000000        0x0 hooks.c.o (symbol from plugin)
 .text          0x00000000        0x0 d:/users/andov/.platformio/packages/toolchain-atmelavr/bin/../lib/gcc/avr/5.4.0/avr5\libgcc.a(_exit.o)
 .data          0x00000000        0x0 d:/users/andov/.platformio/packages/toolchain-atmelavr/bin/../lib/gcc/avr/5.4.0/avr5\libgcc.a(_exit.o)
 .bss           0x00000000        0x0 d:/users/andov/.platformio/packages/toolchain-atmelavr/bin/../lib/gcc/avr/5.4.0/avr5\libgcc.a(_exit.o)
 .text.libgcc.mul
                0x00000000        0x0 d:/users/andov/.platformio/packages/toolchain-atmelavr/bin/../lib/gcc/avr/5.4.0/avr5\libgcc.a(_exit.o)
 .text.libgcc.div
                0x00000000        0x0 d:/users/andov/.platformio/packages/toolchain-atmelavr/bin/../lib/gcc/avr/5.4.0/avr5\libgcc.a(_exit.o)
 .text.libgcc   0x00000000        0x0 d:/users/andov/.platformio/packages/toolchain-atmelavr/bin/../lib/gcc/avr/5.4.0/avr5\libgcc.a(_exit.o)
 .text.libgcc.prologue
                0x00000000        0x0 d:/users/andov/.platformio/packages/toolchain-atmelavr/bin/../lib/gcc/avr/5.4.0/avr5\libgcc.a(_exit.o)
 .text.libgcc.builtins
                0x00000000        0x0 d:/users/andov/.platformio/packages/toolchain-atmelavr/bin/../lib/gcc/avr/5.4.0/avr5\libgcc.a(_exit.o)
 .text.libgcc.fmul
                0x00000000        0x0 d:/users/andov/.platformio/packages/toolchain-atmelavr/bin/../lib/gcc/avr/5.4.0/avr5\libgcc.a(_exit.o)
 .text.libgcc.fixed
                0x00000000        0x0 d:/users/andov/.platformio/packages/toolchain-atmelavr/bin/../lib/gcc/avr/5.4.0/avr5\libgcc.a(_exit.o)
 .text          0x00000000        0x0 d:/users/andov/.platformio/packages/toolchain-atmelavr/bin/../lib/gcc/avr/5.4.0/avr5\libgcc.a(_copy_data.o)
 .data          0x00000000        0x0 d:/users/andov/.platformio/packages/toolchain-atmelavr/bin/../lib/gcc/avr/5.4.0/avr5\libgcc.a(_copy_data.o)
 .bss           0x00000000        0x0 d:/users/andov/.platformio/packages/toolchain-atmelavr/bin/../lib/gcc/avr/5.4.0/avr5\libgcc.a(_copy_data.o)
 .text.libgcc.mul
                0x00000000        0x0 d:/users/andov/.platformio/packages/toolchain-atmelavr/bin/../lib/gcc/avr/5.4.0/avr5\libgcc.a(_copy_data.o)
 .text.libgcc.div
                0x00000000        0x0 d:/users/andov/.platformio/packages/toolchain-atmelavr/bin/../lib/gcc/avr/5.4.0/avr5\libgcc.a(_copy_data.o)
 .text.libgcc   0x00000000        0x0 d:/users/andov/.platformio/packages/toolchain-atmelavr/bin/../lib/gcc/avr/5.4.0/avr5\libgcc.a(_copy_data.o)
 .text.libgcc.prologue
                0x00000000        0x0 d:/users/andov/.platformio/packages/toolchain-atmelavr/bin/../lib/gcc/avr/5.4.0/avr5\libgcc.a(_copy_data.o)
 .text.libgcc.builtins
                0x00000000        0x0 d:/users/andov/.platformio/packages/toolchain-atmelavr/bin/../lib/gcc/avr/5.4.0/avr5\libgcc.a(_copy_data.o)
 .text.libgcc.fmul
                0x00000000        0x0 d:/users/andov/.platformio/packages/toolchain-atmelavr/bin/../lib/gcc/avr/5.4.0/avr5\libgcc.a(_copy_data.o)
 .text.libgcc.fixed
                0x00000000        0x0 d:/users/andov/.platformio/packages/toolchain-atmelavr/bin/../lib/gcc/avr/5.4.0/avr5\libgcc.a(_copy_data.o)
 .text          0x00000000        0x0 d:/users/andov/.platformio/packages/toolchain-atmelavr/bin/../lib/gcc/avr/5.4.0/avr5\libgcc.a(_clear_bss.o)
 .data          0x00000000        0x0 d:/users/andov/.platformio/packages/toolchain-atmelavr/bin/../lib/gcc/avr/5.4.0/avr5\libgcc.a(_clear_bss.o)
 .bss           0x00000000        0x0 d:/users/andov/.platformio/packages/toolchain-atmelavr/bin/../lib/gcc/avr/5.4.0/avr5\libgcc.a(_clear_bss.o)
 .text.libgcc.mul
                0x00000000        0x0 d:/users/andov/.platformio/packages/toolchain-atmelavr/bin/../lib/gcc/avr/5.4.0/avr5\libgcc.a(_clear_bss.o)
 .text.libgcc.div
                0x00000000        0x0 d:/users/andov/.platformio/packages/toolchain-atmelavr/bin/../lib/gcc/avr/5.4.0/avr5\libgcc.a(_clear_bss.o)
 .text.libgcc   0x00000000        0x0 d:/users/andov/.platformio/packages/toolchain-atmelavr/bin/../lib/gcc/avr/5.4.0/avr5\libgcc.a(_clear_bss.o)
 .text.libgcc.prologue
                0x00000000        0x0 d:/users/andov/.platformio/packages/toolchain-atmelavr/bin/../lib/gcc/avr/5.4.0/avr5\libgcc.a(_clear_bss.o)
 .text.libgcc.builtins
                0x00000000        0x0 d:/users/andov/.platformio/packages/toolchain-atmelavr/bin/../lib/gcc/avr/5.4.0/avr5\libgcc.a(_clear_bss.o)
 .text.libgcc.fmul
                0x00000000        0x0 d:/users/andov/.platformio/packages/toolchain-atmelavr/bin/../lib/gcc/avr/5.4.0/avr5\libgcc.a(_clear_bss.o)
 .text.libgcc.fixed
                0x00000000        0x0 d:/users/andov/.platformio/packages/toolchain-atmelavr/bin/../lib/gcc/avr/5.4.0/avr5\libgcc.a(_clear_bss.o)
 .text          0x00000000        0x0 d:/users/andov/.platformio/packages/toolchain-atmelavr/bin/../lib/gcc/avr/5.4.0/../../../../avr/lib/avr5\libm.a(addsf3.o)
 .data          0x00000000        0x0 d:/users/andov/.platformio/packages/toolchain-atmelavr/bin/../lib/gcc/avr/5.4.0/../../../../avr/lib/avr5\libm.a(addsf3.o)
 .bss           0x00000000        0x0 d:/users/andov/.platformio/packages/toolchain-atmelavr/bin/../lib/gcc/avr/5.4.0/../../../../avr/lib/avr5\libm.a(addsf3.o)
 .text          0x00000000        0x0 d:/users/andov/.platformio/packages/toolchain-atmelavr/bin/../lib/gcc/avr/5.4.0/../../../../avr/lib/avr5\libm.a(addsf3x.o)
 .data          0x00000000        0x0 d:/users/andov/.platformio/packages/toolchain-atmelavr/bin/../lib/gcc/avr/5.4.0/../../../../avr/lib/avr5\libm.a(addsf3x.o)
 .bss           0x00000000        0x0 d:/users/andov/.platformio/packages/toolchain-atmelavr/bin/../lib/gcc/avr/5.4.0/../../../../avr/lib/avr5\libm.a(addsf3x.o)
 .text          0x00000000        0x0 d:/users/andov/.platformio/packages/toolchain-atmelavr/bin/../lib/gcc/avr/5.4.0/../../../../avr/lib/avr5\libm.a(cmpsf2.o)
 .data          0x00000000        0x0 d:/users/andov/.platformio/packages/toolchain-atmelavr/bin/../lib/gcc/avr/5.4.0/../../../../avr/lib/avr5\libm.a(cmpsf2.o)
 .bss           0x00000000        0x0 d:/users/andov/.platformio/packages/toolchain-atmelavr/bin/../lib/gcc/avr/5.4.0/../../../../avr/lib/avr5\libm.a(cmpsf2.o)
 .text          0x00000000        0x0 d:/users/andov/.platformio/packages/toolchain-atmelavr/bin/../lib/gcc/avr/5.4.0/../../../../avr/lib/avr5\libm.a(divsf3.o)
 .data          0x00000000        0x0 d:/users/andov/.platformio/packages/toolchain-atmelavr/bin/../lib/gcc/avr/5.4.0/../../../../avr/lib/avr5\libm.a(divsf3.o)
 .bss           0x00000000        0x0 d:/users/andov/.platformio/packages/toolchain-atmelavr/bin/../lib/gcc/avr/5.4.0/../../../../avr/lib/avr5\libm.a(divsf3.o)
 .text          0x00000000        0x0 d:/users/andov/.platformio/packages/toolchain-atmelavr/bin/../lib/gcc/avr/5.4.0/../../../../avr/lib/avr5\libm.a(divsf3x.o)
 .data          0x00000000        0x0 d:/users/andov/.platformio/packages/toolchain-atmelavr/bin/../lib/gcc/avr/5.4.0/../../../../avr/lib/avr5\libm.a(divsf3x.o)
 .bss           0x00000000        0x0 d:/users/andov/.platformio/packages/toolchain-atmelavr/bin/../lib/gcc/avr/5.4.0/../../../../avr/lib/avr5\libm.a(divsf3x.o)
 .text          0x00000000        0x0 d:/users/andov/.platformio/packages/toolchain-atmelavr/bin/../lib/gcc/avr/5.4.0/../../../../avr/lib/avr5\libm.a(fp_cmp.o)
 .data          0x00000000        0x0 d:/users/andov/.platformio/packages/toolchain-atmelavr/bin/../lib/gcc/avr/5.4.0/../../../../avr/lib/avr5\libm.a(fp_cmp.o)
 .bss           0x00000000        0x0 d:/users/andov/.platformio/packages/toolchain-atmelavr/bin/../lib/gcc/avr/5.4.0/../../../../avr/lib/avr5\libm.a(fp_cmp.o)
 .text          0x00000000        0x0 d:/users/andov/.platformio/packages/toolchain-atmelavr/bin/../lib/gcc/avr/5.4.0/../../../../avr/lib/avr5\libm.a(fp_inf.o)
 .data          0x00000000        0x0 d:/users/andov/.platformio/packages/toolchain-atmelavr/bin/../lib/gcc/avr/5.4.0/../../../../avr/lib/avr5\libm.a(fp_inf.o)
 .bss           0x00000000        0x0 d:/users/andov/.platformio/packages/toolchain-atmelavr/bin/../lib/gcc/avr/5.4.0/../../../../avr/lib/avr5\libm.a(fp_inf.o)
 .text          0x00000000        0x0 d:/users/andov/.platformio/packages/toolchain-atmelavr/bin/../lib/gcc/avr/5.4.0/../../../../avr/lib/avr5\libm.a(fp_nan.o)
 .data          0x00000000        0x0 d:/users/andov/.platformio/packages/toolchain-atmelavr/bin/../lib/gcc/avr/5.4.0/../../../../avr/lib/avr5\libm.a(fp_nan.o)
 .bss           0x00000000        0x0 d:/users/andov/.platformio/packages/toolchain-atmelavr/bin/../lib/gcc/avr/5.4.0/../../../../avr/lib/avr5\libm.a(fp_nan.o)
 .text          0x00000000        0x0 d:/users/andov/.platformio/packages/toolchain-atmelavr/bin/../lib/gcc/avr/5.4.0/../../../../avr/lib/avr5\libm.a(fp_pscA.o)
 .data          0x00000000        0x0 d:/users/andov/.platformio/packages/toolchain-atmelavr/bin/../lib/gcc/avr/5.4.0/../../../../avr/lib/avr5\libm.a(fp_pscA.o)
 .bss           0x00000000        0x0 d:/users/andov/.platformio/packages/toolchain-atmelavr/bin/../lib/gcc/avr/5.4.0/../../../../avr/lib/avr5\libm.a(fp_pscA.o)
 .text          0x00000000        0x0 d:/users/andov/.platformio/packages/toolchain-atmelavr/bin/../lib/gcc/avr/5.4.0/../../../../avr/lib/avr5\libm.a(fp_pscB.o)
 .data          0x00000000        0x0 d:/users/andov/.platformio/packages/toolchain-atmelavr/bin/../lib/gcc/avr/5.4.0/../../../../avr/lib/avr5\libm.a(fp_pscB.o)
 .bss           0x00000000        0x0 d:/users/andov/.platformio/packages/toolchain-atmelavr/bin/../lib/gcc/avr/5.4.0/../../../../avr/lib/avr5\libm.a(fp_pscB.o)
 .text          0x00000000        0x0 d:/users/andov/.platformio/packages/toolchain-atmelavr/bin/../lib/gcc/avr/5.4.0/../../../../avr/lib/avr5\libm.a(fp_round.o)
 .data          0x00000000        0x0 d:/users/andov/.platformio/packages/toolchain-atmelavr/bin/../lib/gcc/avr/5.4.0/../../../../avr/lib/avr5\libm.a(fp_round.o)
 .bss           0x00000000        0x0 d:/users/andov/.platformio/packages/toolchain-atmelavr/bin/../lib/gcc/avr/5.4.0/../../../../avr/lib/avr5\libm.a(fp_round.o)
 .text          0x00000000        0x0 d:/users/andov/.platformio/packages/toolchain-atmelavr/bin/../lib/gcc/avr/5.4.0/../../../../avr/lib/avr5\libm.a(fp_split3.o)
 .data          0x00000000        0x0 d:/users/andov/.platformio/packages/toolchain-atmelavr/bin/../lib/gcc/avr/5.4.0/../../../../avr/lib/avr5\libm.a(fp_split3.o)
 .bss           0x00000000        0x0 d:/users/andov/.platformio/packages/toolchain-atmelavr/bin/../lib/gcc/avr/5.4.0/../../../../avr/lib/avr5\libm.a(fp_split3.o)
 .text          0x00000000        0x0 d:/users/andov/.platformio/packages/toolchain-atmelavr/bin/../lib/gcc/avr/5.4.0/../../../../avr/lib/avr5\libm.a(fp_zero.o)
 .data          0x00000000        0x0 d:/users/andov/.platformio/packages/toolchain-atmelavr/bin/../lib/gcc/avr/5.4.0/../../../../avr/lib/avr5\libm.a(fp_zero.o)
 .bss           0x00000000        0x0 d:/users/andov/.platformio/packages/toolchain-atmelavr/bin/../lib/gcc/avr/5.4.0/../../../../avr/lib/avr5\libm.a(fp_zero.o)
 .text          0x00000000        0x0 d:/users/andov/.platformio/packages/toolchain-atmelavr/bin/../lib/gcc/avr/5.4.0/../../../../avr/lib/avr5\libm.a(gesf2.o)
 .data          0x00000000        0x0 d:/users/andov/.platformio/packages/toolchain-atmelavr/bin/../lib/gcc/avr/5.4.0/../../../../avr/lib/avr5\libm.a(gesf2.o)
 .bss           0x00000000        0x0 d:/users/andov/.platformio/packages/toolchain-atmelavr/bin/../lib/gcc/avr/5.4.0/../../../../avr/lib/avr5\libm.a(gesf2.o)
 .text          0x00000000        0x0 d:/users/andov/.platformio/packages/toolchain-atmelavr/bin/../lib/gcc/avr/5.4.0/../../../../avr/lib/avr5\libm.a(mulsf3.o)
 .data          0x00000000        0x0 d:/users/andov/.platformio/packages/toolchain-atmelavr/bin/../lib/gcc/avr/5.4.0/../../../../avr/lib/avr5\libm.a(mulsf3.o)
 .bss           0x00000000        0x0 d:/users/andov/.platformio/packages/toolchain-atmelavr/bin/../lib/gcc/avr/5.4.0/../../../../avr/lib/avr5\libm.a(mulsf3.o)
 .text          0x00000000        0x0 d:/users/andov/.platformio/packages/toolchain-atmelavr/bin/../lib/gcc/avr/5.4.0/../../../../avr/lib/avr5\libm.a(mulsf3x.o)
 .data          0x00000000        0x0 d:/users/andov/.platformio/packages/toolchain-atmelavr/bin/../lib/gcc/avr/5.4.0/../../../../avr/lib/avr5\libm.a(mulsf3x.o)
 .bss           0x00000000        0x0 d:/users/andov/.platformio/packages/toolchain-atmelavr/bin/../lib/gcc/avr/5.4.0/../../../../avr/lib/avr5\libm.a(mulsf3x.o)

Memory Configuration

Name             Origin             Length             Attributes
text             0x00000000         0x00020000         xr
data             0x00800060         0x0000ffa0         rw !x
eeprom           0x00810000         0x00010000         rw !x
fuse             0x00820000         0x00000003         rw !x
lock             0x00830000         0x00000400         rw !x
signature        0x00840000         0x00000400         rw !x
user_signatures  0x00850000         0x00000400         rw !x
*default*        0x00000000         0xffffffff

Linker script and memory map

Address of section .data set to 0x800100
LOAD d:/users/andov/.platformio/packages/toolchain-atmelavr/bin/../lib/gcc/avr/5.4.0/../../../../avr/lib/avr5/crtatmega328p.o
LOAD .pioenvs\nanoatmega328\src\main.cpp.o
LOAD D:\Users\andov\AppData\Local\Temp\cc3lqzUU.ltrans0.ltrans.o
START GROUP
LOAD .pioenvs\nanoatmega328\libd02\libaoFuzzy.a
LOAD .pioenvs\nanoatmega328\libFrameworkArduinoVariant.a
LOAD .pioenvs\nanoatmega328\libFrameworkArduino.a
END GROUP
LOAD d:/users/andov/.platformio/packages/toolchain-atmelavr/bin/../lib/gcc/avr/5.4.0/avr5\libgcc.a
LOAD d:/users/andov/.platformio/packages/toolchain-atmelavr/bin/../lib/gcc/avr/5.4.0/../../../../avr/lib/avr5\libm.a
START GROUP
LOAD d:/users/andov/.platformio/packages/toolchain-atmelavr/bin/../lib/gcc/avr/5.4.0/avr5\libgcc.a
LOAD d:/users/andov/.platformio/packages/toolchain-atmelavr/bin/../lib/gcc/avr/5.4.0/../../../../avr/lib/avr5\libm.a
LOAD d:/users/andov/.platformio/packages/toolchain-atmelavr/bin/../lib/gcc/avr/5.4.0/../../../../avr/lib/avr5\libc.a
LOAD d:/users/andov/.platformio/packages/toolchain-atmelavr/bin/../lib/gcc/avr/5.4.0/../../../../avr/lib/avr5\libatmega328p.a
END GROUP
                0x00020000                __TEXT_REGION_LENGTH__ = DEFINED (__TEXT_REGION_LENGTH__)?__TEXT_REGION_LENGTH__:0x20000
                0x0000ffa0                __DATA_REGION_LENGTH__ = DEFINED (__DATA_REGION_LENGTH__)?__DATA_REGION_LENGTH__:0xffa0
                0x00010000                __EEPROM_REGION_LENGTH__ = DEFINED (__EEPROM_REGION_LENGTH__)?__EEPROM_REGION_LENGTH__:0x10000
                [0x00000003]                __FUSE_REGION_LENGTH__ = DEFINED (__FUSE_REGION_LENGTH__)?__FUSE_REGION_LENGTH__:0x400
                0x00000400                __LOCK_REGION_LENGTH__ = DEFINED (__LOCK_REGION_LENGTH__)?__LOCK_REGION_LENGTH__:0x400
                0x00000400                __SIGNATURE_REGION_LENGTH__ = DEFINED (__SIGNATURE_REGION_LENGTH__)?__SIGNATURE_REGION_LENGTH__:0x400
                0x00000400                __USER_SIGNATURE_REGION_LENGTH__ = DEFINED (__USER_SIGNATURE_REGION_LENGTH__)?__USER_SIGNATURE_REGION_LENGTH__:0x400

.hash
 *(.hash)

.dynsym
 *(.dynsym)

.dynstr
 *(.dynstr)

.gnu.version
 *(.gnu.version)

.gnu.version_d
 *(.gnu.version_d)

.gnu.version_r
 *(.gnu.version_r)

.rel.init
 *(.rel.init)

.rela.init
 *(.rela.init)

.rel.text
 *(.rel.text)
 *(.rel.text.*)
 *(.rel.gnu.linkonce.t*)

.rela.text
 *(.rela.text)
 *(.rela.text.*)
 *(.rela.gnu.linkonce.t*)

.rel.fini
 *(.rel.fini)

.rela.fini
 *(.rela.fini)

.rel.rodata
 *(.rel.rodata)
 *(.rel.rodata.*)
 *(.rel.gnu.linkonce.r*)

.rela.rodata
 *(.rela.rodata)
 *(.rela.rodata.*)
 *(.rela.gnu.linkonce.r*)

.rel.data
 *(.rel.data)
 *(.rel.data.*)
 *(.rel.gnu.linkonce.d*)

.rela.data
 *(.rela.data)
 *(.rela.data.*)
 *(.rela.gnu.linkonce.d*)

.rel.ctors
 *(.rel.ctors)

.rela.ctors
 *(.rela.ctors)

.rel.dtors
 *(.rel.dtors)

.rela.dtors
 *(.rela.dtors)

.rel.got
 *(.rel.got)

.rela.got
 *(.rela.got)

.rel.bss
 *(.rel.bss)

.rela.bss
 *(.rela.bss)

.rel.plt
 *(.rel.plt)

.rela.plt
 *(.rela.plt)

.text           0x00000000      0x872
 *(.vectors)
 .vectors       0x00000000       0x68 d:/users/andov/.platformio/packages/toolchain-atmelavr/bin/../lib/gcc/avr/5.4.0/../../../../avr/lib/avr5/crtatmega328p.o
                0x00000000                __vector_default
                0x00000000                __vectors
 *(.vectors)
 *(.progmem.gcc*)
                0x00000068                . = ALIGN (0x2)
                0x00000068                __trampolines_start = .
 *(.trampolines)
 .trampolines   0x00000068        0x0 linker stubs
 *(.trampolines*)
                0x00000068                __trampolines_end = .
 *libprintf_flt.a:*(.progmem.data)
 *libc.a:*(.progmem.data)
 *(.progmem*)
 .progmem.data  0x00000068       0x3c D:\Users\andov\AppData\Local\Temp\cc3lqzUU.ltrans0.ltrans.o
                0x000000a4                . = ALIGN (0x2)
 *(.jumptables)
 *(.jumptables*)
 *(.lowtext)
 *(.lowtext*)
                0x000000a4                __ctors_start = .
 *(.ctors)
                0x000000a4                __ctors_end = .
                0x000000a4                __dtors_start = .
 *(.dtors)
                0x000000a4                __dtors_end = .
 SORT(*)(.ctors)
 SORT(*)(.dtors)
 *(.init0)
 .init0         0x000000a4        0x0 d:/users/andov/.platformio/packages/toolchain-atmelavr/bin/../lib/gcc/avr/5.4.0/../../../../avr/lib/avr5/crtatmega328p.o
                0x000000a4                __init
 *(.init0)
 *(.init1)
 *(.init1)
 *(.init2)
 .init2         0x000000a4        0xc d:/users/andov/.platformio/packages/toolchain-atmelavr/bin/../lib/gcc/avr/5.4.0/../../../../avr/lib/avr5/crtatmega328p.o
 *(.init2)
 *(.init3)
 *(.init3)
 *(.init4)
 .init4         0x000000b0       0x16 d:/users/andov/.platformio/packages/toolchain-atmelavr/bin/../lib/gcc/avr/5.4.0/avr5\libgcc.a(_copy_data.o)
                0x000000b0                __do_copy_data
 .init4         0x000000c6       0x10 d:/users/andov/.platformio/packages/toolchain-atmelavr/bin/../lib/gcc/avr/5.4.0/avr5\libgcc.a(_clear_bss.o)
                0x000000c6                __do_clear_bss
 *(.init4)
 *(.init5)
 *(.init5)
 *(.init6)
 *(.init6)
 *(.init7)
 *(.init7)
 *(.init8)
 *(.init8)
 *(.init9)
 .init9         0x000000d6        0x8 d:/users/andov/.platformio/packages/toolchain-atmelavr/bin/../lib/gcc/avr/5.4.0/../../../../avr/lib/avr5/crtatmega328p.o
 *(.init9)
 *(.text)
 .text          0x000000de        0x4 d:/users/andov/.platformio/packages/toolchain-atmelavr/bin/../lib/gcc/avr/5.4.0/../../../../avr/lib/avr5/crtatmega328p.o
                0x000000de                __vector_22
                0x000000de                __vector_1
                0x000000de                __vector_24
                0x000000de                __vector_12
                0x000000de                __bad_interrupt
                0x000000de                __vector_6
                0x000000de                __vector_3
                0x000000de                __vector_23
                0x000000de                __vector_25
                0x000000de                __vector_11
                0x000000de                __vector_13
                0x000000de                __vector_17
                0x000000de                __vector_19
                0x000000de                __vector_7
                0x000000de                __vector_5
                0x000000de                __vector_4
                0x000000de                __vector_9
                0x000000de                __vector_2
                0x000000de                __vector_21
                0x000000de                __vector_15
                0x000000de                __vector_8
                0x000000de                __vector_14
                0x000000de                __vector_10
                0x000000de                __vector_18
                0x000000de                __vector_20
 .text          0x000000e2       0x94 D:\Users\andov\AppData\Local\Temp\cc3lqzUU.ltrans0.ltrans.o
                0x000000e2                __vector_16
                0x00000176                . = ALIGN (0x2)
 *(.text.*)
 .text.startup  0x00000176      0x362 D:\Users\andov\AppData\Local\Temp\cc3lqzUU.ltrans0.ltrans.o
                0x00000176                main
 .text.avr-libc.fplib
                0x000004d8        0xe d:/users/andov/.platformio/packages/toolchain-atmelavr/bin/../lib/gcc/avr/5.4.0/../../../../avr/lib/avr5\libm.a(addsf3.o)
                0x000004d8                __subsf3
                0x000004da                __addsf3
 .text.avr-libc.fplib
                0x000004e6       0xcc d:/users/andov/.platformio/packages/toolchain-atmelavr/bin/../lib/gcc/avr/5.4.0/../../../../avr/lib/avr5\libm.a(addsf3x.o)
                0x00000508                __addsf3x
 .text.avr-libc.fplib
                0x000005b2        0xa d:/users/andov/.platformio/packages/toolchain-atmelavr/bin/../lib/gcc/avr/5.4.0/../../../../avr/lib/avr5\libm.a(cmpsf2.o)
                0x000005b2                __nesf2
                0x000005b2                __eqsf2
                0x000005b2                __cmpsf2
                0x000005b2                __ltsf2
                0x000005b2                __lesf2
 .text.avr-libc.fplib
                0x000005bc        0x8 d:/users/andov/.platformio/packages/toolchain-atmelavr/bin/../lib/gcc/avr/5.4.0/../../../../avr/lib/avr5\libm.a(divsf3.o)
                0x000005bc                __divsf3
 .text.avr-libc.fplib
                0x000005c4       0xdc d:/users/andov/.platformio/packages/toolchain-atmelavr/bin/../lib/gcc/avr/5.4.0/../../../../avr/lib/avr5\libm.a(divsf3x.o)
                0x000005e4                __divsf3x
                0x000005ea                __divsf3_pse
 .text.avr-libc.fplib
                0x000006a0       0x48 d:/users/andov/.platformio/packages/toolchain-atmelavr/bin/../lib/gcc/avr/5.4.0/../../../../avr/lib/avr5\libm.a(fp_cmp.o)
                0x000006a0                __fp_cmp
 .text.avr-libc.fplib
                0x000006e8        0xc d:/users/andov/.platformio/packages/toolchain-atmelavr/bin/../lib/gcc/avr/5.4.0/../../../../avr/lib/avr5\libm.a(fp_inf.o)
                0x000006e8                __fp_inf
 .text.avr-libc.fplib
                0x000006f4        0x6 d:/users/andov/.platformio/packages/toolchain-atmelavr/bin/../lib/gcc/avr/5.4.0/../../../../avr/lib/avr5\libm.a(fp_nan.o)
                0x000006f4                __fp_nan
 .text.avr-libc.fplib
                0x000006fa        0xe d:/users/andov/.platformio/packages/toolchain-atmelavr/bin/../lib/gcc/avr/5.4.0/../../../../avr/lib/avr5\libm.a(fp_pscA.o)
                0x000006fa                __fp_pscA
 .text.avr-libc.fplib
                0x00000708        0xe d:/users/andov/.platformio/packages/toolchain-atmelavr/bin/../lib/gcc/avr/5.4.0/../../../../avr/lib/avr5\libm.a(fp_pscB.o)
                0x00000708                __fp_pscB
 .text.avr-libc.fplib
                0x00000716       0x22 d:/users/andov/.platformio/packages/toolchain-atmelavr/bin/../lib/gcc/avr/5.4.0/../../../../avr/lib/avr5\libm.a(fp_round.o)
                0x00000716                __fp_round
 .text.avr-libc.fplib
                0x00000738       0x44 d:/users/andov/.platformio/packages/toolchain-atmelavr/bin/../lib/gcc/avr/5.4.0/../../../../avr/lib/avr5\libm.a(fp_split3.o)
                0x00000738                __fp_split3
                0x00000748                __fp_splitA
 .text.avr-libc.fplib
                0x0000077c        0xe d:/users/andov/.platformio/packages/toolchain-atmelavr/bin/../lib/gcc/avr/5.4.0/../../../../avr/lib/avr5\libm.a(fp_zero.o)
                0x0000077c                __fp_zero
                0x0000077e                __fp_szero
 .text.avr-libc.fplib
                0x0000078a        0xa d:/users/andov/.platformio/packages/toolchain-atmelavr/bin/../lib/gcc/avr/5.4.0/../../../../avr/lib/avr5\libm.a(gesf2.o)
                0x0000078a                __gesf2
                0x0000078a                __gtsf2
 .text.avr-libc.fplib
                0x00000794        0x8 d:/users/andov/.platformio/packages/toolchain-atmelavr/bin/../lib/gcc/avr/5.4.0/../../../../avr/lib/avr5\libm.a(mulsf3.o)
                0x00000794                __mulsf3
 .text.avr-libc.fplib
                0x0000079c       0xd2 d:/users/andov/.platformio/packages/toolchain-atmelavr/bin/../lib/gcc/avr/5.4.0/../../../../avr/lib/avr5\libm.a(mulsf3x.o)
                0x000007ba                __mulsf3x
                0x000007c0                __mulsf3_pse
                0x0000086e                . = ALIGN (0x2)
 *(.fini9)
 .fini9         0x0000086e        0x0 d:/users/andov/.platformio/packages/toolchain-atmelavr/bin/../lib/gcc/avr/5.4.0/avr5\libgcc.a(_exit.o)
                0x0000086e                _exit
                0x0000086e                exit
 *(.fini9)
 *(.fini8)
 *(.fini8)
 *(.fini7)
 *(.fini7)
 *(.fini6)
 *(.fini6)
 *(.fini5)
 *(.fini5)
 *(.fini4)
 *(.fini4)
 *(.fini3)
 *(.fini3)
 *(.fini2)
 *(.fini2)
 *(.fini1)
 *(.fini1)
 *(.fini0)
 .fini0         0x0000086e        0x4 d:/users/andov/.platformio/packages/toolchain-atmelavr/bin/../lib/gcc/avr/5.4.0/avr5\libgcc.a(_exit.o)
 *(.fini0)
                0x00000872                _etext = .

.data           0x00800100       0x30 load address 0x00000872
                0x00800100                PROVIDE (__data_start, .)
 *(.data)
 *(.data*)
 *(.gnu.linkonce.d*)
 *(.rodata)
 .rodata        0x00800100       0x30 D:\Users\andov\AppData\Local\Temp\cc3lqzUU.ltrans0.ltrans.o
 *(.rodata*)
 *(.gnu.linkonce.r*)
                0x00800130                . = ALIGN (0x2)
                0x00800130                _edata = .
                0x00800130                PROVIDE (__data_end, .)

.bss            0x00800130       0x13
                0x00800130                PROVIDE (__bss_start, .)
 *(.bss)
 .bss           0x00800130       0x13 D:\Users\andov\AppData\Local\Temp\cc3lqzUU.ltrans0.ltrans.o
 *(.bss*)
 *(COMMON)
                0x00800143                PROVIDE (__bss_end, .)
                0x00000872                __data_load_start = LOADADDR (.data)
                0x000008a2                __data_load_end = (__data_load_start + SIZEOF (.data))

.noinit         0x00800143        0x0
                [!provide]                PROVIDE (__noinit_start, .)
 *(.noinit*)
                [!provide]                PROVIDE (__noinit_end, .)
                0x00800143                _end = .
                [!provide]                PROVIDE (__heap_start, .)

.eeprom         0x00810000        0x0
 *(.eeprom*)
                0x00810000                __eeprom_end = .

.fuse
 *(.fuse)
 *(.lfuse)
 *(.hfuse)
 *(.efuse)

.lock
 *(.lock*)

.signature
 *(.signature*)

.user_signatures
 *(.user_signatures*)

.stab
 *(.stab)

.stabstr
 *(.stabstr)

.stab.excl
 *(.stab.excl)

.stab.exclstr
 *(.stab.exclstr)

.stab.index
 *(.stab.index)

.stab.indexstr
 *(.stab.indexstr)

.comment        0x00000000       0x11
 *(.comment)
 .comment       0x00000000       0x11 D:\Users\andov\AppData\Local\Temp\cc3lqzUU.ltrans0.ltrans.o
                                 0x12 (size before relaxing)

.note.gnu.avr.deviceinfo
                0x00000000       0x40
 .note.gnu.avr.deviceinfo
                0x00000000       0x40 d:/users/andov/.platformio/packages/toolchain-atmelavr/bin/../lib/gcc/avr/5.4.0/../../../../avr/lib/avr5/crtatmega328p.o

.note.gnu.build-id
 *(.note.gnu.build-id)

.debug
 *(.debug)

.line
 *(.line)

.debug_srcinfo
 *(.debug_srcinfo)

.debug_sfnames
 *(.debug_sfnames)

.debug_aranges  0x00000000       0x60
 *(.debug_aranges)
 .debug_aranges
                0x00000000       0x20 d:/users/andov/.platformio/packages/toolchain-atmelavr/bin/../lib/gcc/avr/5.4.0/avr5\libgcc.a(_exit.o)
 .debug_aranges
                0x00000020       0x20 d:/users/andov/.platformio/packages/toolchain-atmelavr/bin/../lib/gcc/avr/5.4.0/avr5\libgcc.a(_copy_data.o)
 .debug_aranges
                0x00000040       0x20 d:/users/andov/.platformio/packages/toolchain-atmelavr/bin/../lib/gcc/avr/5.4.0/avr5\libgcc.a(_clear_bss.o)

.debug_pubnames
 *(.debug_pubnames)

.debug_info     0x00000000      0x825
 *(.debug_info .gnu.linkonce.wi.*)
 .debug_info    0x00000000      0x5f4 d:/users/andov/.platformio/packages/toolchain-atmelavr/bin/../lib/gcc/avr/5.4.0/../../../../avr/lib/avr5/crtatmega328p.o
 .debug_info    0x000005f4       0xbb d:/users/andov/.platformio/packages/toolchain-atmelavr/bin/../lib/gcc/avr/5.4.0/avr5\libgcc.a(_exit.o)
 .debug_info    0x000006af       0xbb d:/users/andov/.platformio/packages/toolchain-atmelavr/bin/../lib/gcc/avr/5.4.0/avr5\libgcc.a(_copy_data.o)
 .debug_info    0x0000076a       0xbb d:/users/andov/.platformio/packages/toolchain-atmelavr/bin/../lib/gcc/avr/5.4.0/avr5\libgcc.a(_clear_bss.o)

.debug_abbrev   0x00000000      0x5de
 *(.debug_abbrev)
 .debug_abbrev  0x00000000      0x5a2 d:/users/andov/.platformio/packages/toolchain-atmelavr/bin/../lib/gcc/avr/5.4.0/../../../../avr/lib/avr5/crtatmega328p.o
 .debug_abbrev  0x000005a2       0x14 d:/users/andov/.platformio/packages/toolchain-atmelavr/bin/../lib/gcc/avr/5.4.0/avr5\libgcc.a(_exit.o)
 .debug_abbrev  0x000005b6       0x14 d:/users/andov/.platformio/packages/toolchain-atmelavr/bin/../lib/gcc/avr/5.4.0/avr5\libgcc.a(_copy_data.o)
 .debug_abbrev  0x000005ca       0x14 d:/users/andov/.platformio/packages/toolchain-atmelavr/bin/../lib/gcc/avr/5.4.0/avr5\libgcc.a(_clear_bss.o)

.debug_line     0x00000000      0x19a
 *(.debug_line .debug_line.* .debug_line_end)
 .debug_line    0x00000000       0x1a d:/users/andov/.platformio/packages/toolchain-atmelavr/bin/../lib/gcc/avr/5.4.0/../../../../avr/lib/avr5/crtatmega328p.o
 .debug_line    0x0000001a       0x62 d:/users/andov/.platformio/packages/toolchain-atmelavr/bin/../lib/gcc/avr/5.4.0/avr5\libgcc.a(_exit.o)
 .debug_line    0x0000007c       0x98 d:/users/andov/.platformio/packages/toolchain-atmelavr/bin/../lib/gcc/avr/5.4.0/avr5\libgcc.a(_copy_data.o)
 .debug_line    0x00000114       0x86 d:/users/andov/.platformio/packages/toolchain-atmelavr/bin/../lib/gcc/avr/5.4.0/avr5\libgcc.a(_clear_bss.o)

.debug_frame
 *(.debug_frame)

.debug_str      0x00000000      0x208
 *(.debug_str)
 .debug_str     0x00000000      0x208 d:/users/andov/.platformio/packages/toolchain-atmelavr/bin/../lib/gcc/avr/5.4.0/../../../../avr/lib/avr5/crtatmega328p.o

.debug_loc
 *(.debug_loc)

.debug_macinfo
 *(.debug_macinfo)

.debug_weaknames
 *(.debug_weaknames)

.debug_funcnames
 *(.debug_funcnames)

.debug_typenames
 *(.debug_typenames)

.debug_varnames
 *(.debug_varnames)

.debug_pubtypes
 *(.debug_pubtypes)

.debug_ranges
 *(.debug_ranges)

.debug_macro
 *(.debug_macro)
OUTPUT(.pioenvs\nanoatmega328\firmware.elf elf32-avr)
LOAD linker stubs

Cross Reference Table

Symbol                                            File
_Z14serialEventRunv                               D:\Users\andov\AppData\Local\Temp\cc3lqzUU.ltrans0.ltrans.o
                                                  main.cpp.o (symbol from plugin)
_Z7getTempv                                       .pioenvs\nanoatmega328\src\main.cpp.o (symbol from plugin)
_Z8setPowerf                                      .pioenvs\nanoatmega328\src\main.cpp.o (symbol from plugin)
_Z8setupUSBv                                      main.cpp.o (symbol from plugin)
_ZN7FuzzyAO13getCrispInputEv                      aoFuzzy.cpp.o (symbol from plugin)
_ZN7FuzzyAO13setCrispInputEf                      aoFuzzy.cpp.o (symbol from plugin)
_ZN7FuzzyAO14resetFuzzySetsEv                     aoFuzzy.cpp.o (symbol from plugin)
_ZN7FuzzyAO19calculatePertinenceEPK8FuzzySetf     aoFuzzy.cpp.o (symbol from plugin)
_ZN7FuzzyAO25calculateInputPertinencesEv          aoFuzzy.cpp.o (symbol from plugin)
_ZN7FuzzyAO5beginEj                               aoFuzzy.cpp.o (symbol from plugin)
                                                  .pioenvs\nanoatmega328\src\main.cpp.o (symbol from plugin)
_ZN7FuzzyAO5rulesE                                .pioenvs\nanoatmega328\src\main.cpp.o (symbol from plugin)
                                                  aoFuzzy.cpp.o (symbol from plugin)
_ZN7FuzzyAO7fuzzifyEv                             aoFuzzy.cpp.o (symbol from plugin)
                                                  .pioenvs\nanoatmega328\src\main.cpp.o (symbol from plugin)
_ZN7FuzzyAO8setInputEf                            aoFuzzy.cpp.o (symbol from plugin)
                                                  .pioenvs\nanoatmega328\src\main.cpp.o (symbol from plugin)
_ZN7FuzzyAO9defuzzifyEv                           aoFuzzy.cpp.o (symbol from plugin)
                                                  .pioenvs\nanoatmega328\src\main.cpp.o (symbol from plugin)
_ZN7FuzzyAOC1Ev                                   aoFuzzy.cpp.o (symbol from plugin)
                                                  .pioenvs\nanoatmega328\src\main.cpp.o (symbol from plugin)
_ZN7FuzzyAOC2Ev                                   aoFuzzy.cpp.o (symbol from plugin)
__FUSE_REGION_LENGTH__                            d:/users/andov/.platformio/packages/toolchain-atmelavr/bin/../lib/gcc/avr/5.4.0/../../../../avr/lib/avr5/crtatmega328p.o
__addsf3                                          d:/users/andov/.platformio/packages/toolchain-atmelavr/bin/../lib/gcc/avr/5.4.0/../../../../avr/lib/avr5\libm.a(addsf3.o)
                                                  D:\Users\andov\AppData\Local\Temp\cc3lqzUU.ltrans0.ltrans.o
__addsf3x                                         d:/users/andov/.platformio/packages/toolchain-atmelavr/bin/../lib/gcc/avr/5.4.0/../../../../avr/lib/avr5\libm.a(addsf3x.o)
                                                  d:/users/andov/.platformio/packages/toolchain-atmelavr/bin/../lib/gcc/avr/5.4.0/../../../../avr/lib/avr5\libm.a(addsf3.o)
__bad_interrupt                                   d:/users/andov/.platformio/packages/toolchain-atmelavr/bin/../lib/gcc/avr/5.4.0/../../../../avr/lib/avr5/crtatmega328p.o
__bss_end                                         d:/users/andov/.platformio/packages/toolchain-atmelavr/bin/../lib/gcc/avr/5.4.0/avr5\libgcc.a(_clear_bss.o)
__bss_start                                       d:/users/andov/.platformio/packages/toolchain-atmelavr/bin/../lib/gcc/avr/5.4.0/avr5\libgcc.a(_clear_bss.o)
__cmpsf2                                          d:/users/andov/.platformio/packages/toolchain-atmelavr/bin/../lib/gcc/avr/5.4.0/../../../../avr/lib/avr5\libm.a(cmpsf2.o)
__data_end                                        d:/users/andov/.platformio/packages/toolchain-atmelavr/bin/../lib/gcc/avr/5.4.0/avr5\libgcc.a(_copy_data.o)
__data_load_start                                 d:/users/andov/.platformio/packages/toolchain-atmelavr/bin/../lib/gcc/avr/5.4.0/avr5\libgcc.a(_copy_data.o)
__data_start                                      d:/users/andov/.platformio/packages/toolchain-atmelavr/bin/../lib/gcc/avr/5.4.0/avr5\libgcc.a(_copy_data.o)
__divsf3                                          d:/users/andov/.platformio/packages/toolchain-atmelavr/bin/../lib/gcc/avr/5.4.0/../../../../avr/lib/avr5\libm.a(divsf3.o)
                                                  D:\Users\andov\AppData\Local\Temp\cc3lqzUU.ltrans0.ltrans.o
__divsf3_pse                                      d:/users/andov/.platformio/packages/toolchain-atmelavr/bin/../lib/gcc/avr/5.4.0/../../../../avr/lib/avr5\libm.a(divsf3x.o)
__divsf3x                                         d:/users/andov/.platformio/packages/toolchain-atmelavr/bin/../lib/gcc/avr/5.4.0/../../../../avr/lib/avr5\libm.a(divsf3x.o)
                                                  d:/users/andov/.platformio/packages/toolchain-atmelavr/bin/../lib/gcc/avr/5.4.0/../../../../avr/lib/avr5\libm.a(divsf3.o)
__do_clear_bss                                    d:/users/andov/.platformio/packages/toolchain-atmelavr/bin/../lib/gcc/avr/5.4.0/avr5\libgcc.a(_clear_bss.o)
                                                  D:\Users\andov\AppData\Local\Temp\cc3lqzUU.ltrans0.ltrans.o
__do_copy_data                                    d:/users/andov/.platformio/packages/toolchain-atmelavr/bin/../lib/gcc/avr/5.4.0/avr5\libgcc.a(_copy_data.o)
                                                  D:\Users\andov\AppData\Local\Temp\cc3lqzUU.ltrans0.ltrans.o
__eqsf2                                           d:/users/andov/.platformio/packages/toolchain-atmelavr/bin/../lib/gcc/avr/5.4.0/../../../../avr/lib/avr5\libm.a(cmpsf2.o)
                                                  D:\Users\andov\AppData\Local\Temp\cc3lqzUU.ltrans0.ltrans.o
__fp_cmp                                          d:/users/andov/.platformio/packages/toolchain-atmelavr/bin/../lib/gcc/avr/5.4.0/../../../../avr/lib/avr5\libm.a(fp_cmp.o)
                                                  d:/users/andov/.platformio/packages/toolchain-atmelavr/bin/../lib/gcc/avr/5.4.0/../../../../avr/lib/avr5\libm.a(gesf2.o)
                                                  d:/users/andov/.platformio/packages/toolchain-atmelavr/bin/../lib/gcc/avr/5.4.0/../../../../avr/lib/avr5\libm.a(cmpsf2.o)
__fp_inf                                          d:/users/andov/.platformio/packages/toolchain-atmelavr/bin/../lib/gcc/avr/5.4.0/../../../../avr/lib/avr5\libm.a(fp_inf.o)
                                                  d:/users/andov/.platformio/packages/toolchain-atmelavr/bin/../lib/gcc/avr/5.4.0/../../../../avr/lib/avr5\libm.a(mulsf3x.o)
                                                  d:/users/andov/.platformio/packages/toolchain-atmelavr/bin/../lib/gcc/avr/5.4.0/../../../../avr/lib/avr5\libm.a(divsf3x.o)
                                                  d:/users/andov/.platformio/packages/toolchain-atmelavr/bin/../lib/gcc/avr/5.4.0/../../../../avr/lib/avr5\libm.a(addsf3x.o)
__fp_nan                                          d:/users/andov/.platformio/packages/toolchain-atmelavr/bin/../lib/gcc/avr/5.4.0/../../../../avr/lib/avr5\libm.a(fp_nan.o)
                                                  d:/users/andov/.platformio/packages/toolchain-atmelavr/bin/../lib/gcc/avr/5.4.0/../../../../avr/lib/avr5\libm.a(mulsf3x.o)
                                                  d:/users/andov/.platformio/packages/toolchain-atmelavr/bin/../lib/gcc/avr/5.4.0/../../../../avr/lib/avr5\libm.a(divsf3x.o)
                                                  d:/users/andov/.platformio/packages/toolchain-atmelavr/bin/../lib/gcc/avr/5.4.0/../../../../avr/lib/avr5\libm.a(addsf3x.o)
__fp_pscA                                         d:/users/andov/.platformio/packages/toolchain-atmelavr/bin/../lib/gcc/avr/5.4.0/../../../../avr/lib/avr5\libm.a(fp_pscA.o)
                                                  d:/users/andov/.platformio/packages/toolchain-atmelavr/bin/../lib/gcc/avr/5.4.0/../../../../avr/lib/avr5\libm.a(mulsf3x.o)
                                                  d:/users/andov/.platformio/packages/toolchain-atmelavr/bin/../lib/gcc/avr/5.4.0/../../../../avr/lib/avr5\libm.a(divsf3x.o)
                                                  d:/users/andov/.platformio/packages/toolchain-atmelavr/bin/../lib/gcc/avr/5.4.0/../../../../avr/lib/avr5\libm.a(addsf3x.o)
__fp_pscB                                         d:/users/andov/.platformio/packages/toolchain-atmelavr/bin/../lib/gcc/avr/5.4.0/../../../../avr/lib/avr5\libm.a(fp_pscB.o)
                                                  d:/users/andov/.platformio/packages/toolchain-atmelavr/bin/../lib/gcc/avr/5.4.0/../../../../avr/lib/avr5\libm.a(mulsf3x.o)
                                                  d:/users/andov/.platformio/packages/toolchain-atmelavr/bin/../lib/gcc/avr/5.4.0/../../../../avr/lib/avr5\libm.a(divsf3x.o)
                                                  d:/users/andov/.platformio/packages/toolchain-atmelavr/bin/../lib/gcc/avr/5.4.0/../../../../avr/lib/avr5\libm.a(addsf3x.o)
__fp_round                                        d:/users/andov/.platformio/packages/toolchain-atmelavr/bin/../lib/gcc/avr/5.4.0/../../../../avr/lib/avr5\libm.a(fp_round.o)
                                                  d:/users/andov/.platformio/packages/toolchain-atmelavr/bin/../lib/gcc/avr/5.4.0/../../../../avr/lib/avr5\libm.a(mulsf3.o)
                                                  d:/users/andov/.platformio/packages/toolchain-atmelavr/bin/../lib/gcc/avr/5.4.0/../../../../avr/lib/avr5\libm.a(divsf3.o)
                                                  d:/users/andov/.platformio/packages/toolchain-atmelavr/bin/../lib/gcc/avr/5.4.0/../../../../avr/lib/avr5\libm.a(addsf3.o)
__fp_split3                                       d:/users/andov/.platformio/packages/toolchain-atmelavr/bin/../lib/gcc/avr/5.4.0/../../../../avr/lib/avr5\libm.a(fp_split3.o)
                                                  d:/users/andov/.platformio/packages/toolchain-atmelavr/bin/../lib/gcc/avr/5.4.0/../../../../avr/lib/avr5\libm.a(mulsf3x.o)
                                                  d:/users/andov/.platformio/packages/toolchain-atmelavr/bin/../lib/gcc/avr/5.4.0/../../../../avr/lib/avr5\libm.a(divsf3x.o)
                                                  d:/users/andov/.platformio/packages/toolchain-atmelavr/bin/../lib/gcc/avr/5.4.0/../../../../avr/lib/avr5\libm.a(addsf3x.o)
__fp_splitA                                       d:/users/andov/.platformio/packages/toolchain-atmelavr/bin/../lib/gcc/avr/5.4.0/../../../../avr/lib/avr5\libm.a(fp_split3.o)
__fp_szero                                        d:/users/andov/.platformio/packages/toolchain-atmelavr/bin/../lib/gcc/avr/5.4.0/../../../../avr/lib/avr5\libm.a(fp_zero.o)
                                                  d:/users/andov/.platformio/packages/toolchain-atmelavr/bin/../lib/gcc/avr/5.4.0/../../../../avr/lib/avr5\libm.a(mulsf3x.o)
                                                  d:/users/andov/.platformio/packages/toolchain-atmelavr/bin/../lib/gcc/avr/5.4.0/../../../../avr/lib/avr5\libm.a(divsf3x.o)
__fp_zero                                         d:/users/andov/.platformio/packages/toolchain-atmelavr/bin/../lib/gcc/avr/5.4.0/../../../../avr/lib/avr5\libm.a(fp_zero.o)
                                                  d:/users/andov/.platformio/packages/toolchain-atmelavr/bin/../lib/gcc/avr/5.4.0/../../../../avr/lib/avr5\libm.a(addsf3x.o)
__gesf2                                           d:/users/andov/.platformio/packages/toolchain-atmelavr/bin/../lib/gcc/avr/5.4.0/../../../../avr/lib/avr5\libm.a(gesf2.o)
                                                  D:\Users\andov\AppData\Local\Temp\cc3lqzUU.ltrans0.ltrans.o
__gtsf2                                           d:/users/andov/.platformio/packages/toolchain-atmelavr/bin/../lib/gcc/avr/5.4.0/../../../../avr/lib/avr5\libm.a(gesf2.o)
                                                  D:\Users\andov\AppData\Local\Temp\cc3lqzUU.ltrans0.ltrans.o
__heap_end                                        d:/users/andov/.platformio/packages/toolchain-atmelavr/bin/../lib/gcc/avr/5.4.0/../../../../avr/lib/avr5/crtatmega328p.o
__init                                            d:/users/andov/.platformio/packages/toolchain-atmelavr/bin/../lib/gcc/avr/5.4.0/../../../../avr/lib/avr5/crtatmega328p.o
__lesf2                                           d:/users/andov/.platformio/packages/toolchain-atmelavr/bin/../lib/gcc/avr/5.4.0/../../../../avr/lib/avr5\libm.a(cmpsf2.o)
                                                  D:\Users\andov\AppData\Local\Temp\cc3lqzUU.ltrans0.ltrans.o
__ltsf2                                           d:/users/andov/.platformio/packages/toolchain-atmelavr/bin/../lib/gcc/avr/5.4.0/../../../../avr/lib/avr5\libm.a(cmpsf2.o)
                                                  D:\Users\andov\AppData\Local\Temp\cc3lqzUU.ltrans0.ltrans.o
__mulsf3                                          d:/users/andov/.platformio/packages/toolchain-atmelavr/bin/../lib/gcc/avr/5.4.0/../../../../avr/lib/avr5\libm.a(mulsf3.o)
                                                  D:\Users\andov\AppData\Local\Temp\cc3lqzUU.ltrans0.ltrans.o
__mulsf3_pse                                      d:/users/andov/.platformio/packages/toolchain-atmelavr/bin/../lib/gcc/avr/5.4.0/../../../../avr/lib/avr5\libm.a(mulsf3x.o)
__mulsf3x                                         d:/users/andov/.platformio/packages/toolchain-atmelavr/bin/../lib/gcc/avr/5.4.0/../../../../avr/lib/avr5\libm.a(mulsf3x.o)
                                                  d:/users/andov/.platformio/packages/toolchain-atmelavr/bin/../lib/gcc/avr/5.4.0/../../../../avr/lib/avr5\libm.a(mulsf3.o)
__nesf2                                           d:/users/andov/.platformio/packages/toolchain-atmelavr/bin/../lib/gcc/avr/5.4.0/../../../../avr/lib/avr5\libm.a(cmpsf2.o)
                                                  D:\Users\andov\AppData\Local\Temp\cc3lqzUU.ltrans0.ltrans.o
__stack                                           d:/users/andov/.platformio/packages/toolchain-atmelavr/bin/../lib/gcc/avr/5.4.0/../../../../avr/lib/avr5/crtatmega328p.o
__subsf3                                          d:/users/andov/.platformio/packages/toolchain-atmelavr/bin/../lib/gcc/avr/5.4.0/../../../../avr/lib/avr5\libm.a(addsf3.o)
                                                  D:\Users\andov\AppData\Local\Temp\cc3lqzUU.ltrans0.ltrans.o
__vector_1                                        d:/users/andov/.platformio/packages/toolchain-atmelavr/bin/../lib/gcc/avr/5.4.0/../../../../avr/lib/avr5/crtatmega328p.o
__vector_10                                       d:/users/andov/.platformio/packages/toolchain-atmelavr/bin/../lib/gcc/avr/5.4.0/../../../../avr/lib/avr5/crtatmega328p.o
__vector_11                                       d:/users/andov/.platformio/packages/toolchain-atmelavr/bin/../lib/gcc/avr/5.4.0/../../../../avr/lib/avr5/crtatmega328p.o
__vector_12                                       d:/users/andov/.platformio/packages/toolchain-atmelavr/bin/../lib/gcc/avr/5.4.0/../../../../avr/lib/avr5/crtatmega328p.o
__vector_13                                       d:/users/andov/.platformio/packages/toolchain-atmelavr/bin/../lib/gcc/avr/5.4.0/../../../../avr/lib/avr5/crtatmega328p.o
__vector_14                                       d:/users/andov/.platformio/packages/toolchain-atmelavr/bin/../lib/gcc/avr/5.4.0/../../../../avr/lib/avr5/crtatmega328p.o
__vector_15                                       d:/users/andov/.platformio/packages/toolchain-atmelavr/bin/../lib/gcc/avr/5.4.0/../../../../avr/lib/avr5/crtatmega328p.o
__vector_16                                       D:\Users\andov\AppData\Local\Temp\cc3lqzUU.ltrans0.ltrans.o
                                                  wiring.c.o (symbol from plugin)
                                                  d:/users/andov/.platformio/packages/toolchain-atmelavr/bin/../lib/gcc/avr/5.4.0/../../../../avr/lib/avr5/crtatmega328p.o
__vector_17                                       d:/users/andov/.platformio/packages/toolchain-atmelavr/bin/../lib/gcc/avr/5.4.0/../../../../avr/lib/avr5/crtatmega328p.o
__vector_18                                       d:/users/andov/.platformio/packages/toolchain-atmelavr/bin/../lib/gcc/avr/5.4.0/../../../../avr/lib/avr5/crtatmega328p.o
__vector_19                                       d:/users/andov/.platformio/packages/toolchain-atmelavr/bin/../lib/gcc/avr/5.4.0/../../../../avr/lib/avr5/crtatmega328p.o
__vector_2                                        d:/users/andov/.platformio/packages/toolchain-atmelavr/bin/../lib/gcc/avr/5.4.0/../../../../avr/lib/avr5/crtatmega328p.o
__vector_20                                       d:/users/andov/.platformio/packages/toolchain-atmelavr/bin/../lib/gcc/avr/5.4.0/../../../../avr/lib/avr5/crtatmega328p.o
__vector_21                                       d:/users/andov/.platformio/packages/toolchain-atmelavr/bin/../lib/gcc/avr/5.4.0/../../../../avr/lib/avr5/crtatmega328p.o
__vector_22                                       d:/users/andov/.platformio/packages/toolchain-atmelavr/bin/../lib/gcc/avr/5.4.0/../../../../avr/lib/avr5/crtatmega328p.o
__vector_23                                       d:/users/andov/.platformio/packages/toolchain-atmelavr/bin/../lib/gcc/avr/5.4.0/../../../../avr/lib/avr5/crtatmega328p.o
__vector_24                                       d:/users/andov/.platformio/packages/toolchain-atmelavr/bin/../lib/gcc/avr/5.4.0/../../../../avr/lib/avr5/crtatmega328p.o
__vector_25                                       d:/users/andov/.platformio/packages/toolchain-atmelavr/bin/../lib/gcc/avr/5.4.0/../../../../avr/lib/avr5/crtatmega328p.o
__vector_3                                        d:/users/andov/.platformio/packages/toolchain-atmelavr/bin/../lib/gcc/avr/5.4.0/../../../../avr/lib/avr5/crtatmega328p.o
__vector_4                                        d:/users/andov/.platformio/packages/toolchain-atmelavr/bin/../lib/gcc/avr/5.4.0/../../../../avr/lib/avr5/crtatmega328p.o
__vector_5                                        d:/users/andov/.platformio/packages/toolchain-atmelavr/bin/../lib/gcc/avr/5.4.0/../../../../avr/lib/avr5/crtatmega328p.o
__vector_6                                        d:/users/andov/.platformio/packages/toolchain-atmelavr/bin/../lib/gcc/avr/5.4.0/../../../../avr/lib/avr5/crtatmega328p.o
__vector_7                                        d:/users/andov/.platformio/packages/toolchain-atmelavr/bin/../lib/gcc/avr/5.4.0/../../../../avr/lib/avr5/crtatmega328p.o
__vector_8                                        d:/users/andov/.platformio/packages/toolchain-atmelavr/bin/../lib/gcc/avr/5.4.0/../../../../avr/lib/avr5/crtatmega328p.o
__vector_9                                        d:/users/andov/.platformio/packages/toolchain-atmelavr/bin/../lib/gcc/avr/5.4.0/../../../../avr/lib/avr5/crtatmega328p.o
__vector_default                                  d:/users/andov/.platformio/packages/toolchain-atmelavr/bin/../lib/gcc/avr/5.4.0/../../../../avr/lib/avr5/crtatmega328p.o
__vectors                                         d:/users/andov/.platformio/packages/toolchain-atmelavr/bin/../lib/gcc/avr/5.4.0/../../../../avr/lib/avr5/crtatmega328p.o
_exit                                             d:/users/andov/.platformio/packages/toolchain-atmelavr/bin/../lib/gcc/avr/5.4.0/avr5\libgcc.a(_exit.o)
atexit                                            main.cpp.o (symbol from plugin)
delay                                             wiring.c.o (symbol from plugin)
delayMicroseconds                                 wiring.c.o (symbol from plugin)
exit                                              d:/users/andov/.platformio/packages/toolchain-atmelavr/bin/../lib/gcc/avr/5.4.0/avr5\libgcc.a(_exit.o)
                                                  d:/users/andov/.platformio/packages/toolchain-atmelavr/bin/../lib/gcc/avr/5.4.0/../../../../avr/lib/avr5/crtatmega328p.o
fuzzy                                             .pioenvs\nanoatmega328\src\main.cpp.o (symbol from plugin)
init                                              wiring.c.o (symbol from plugin)
                                                  main.cpp.o (symbol from plugin)
initVariant                                       main.cpp.o (symbol from plugin)
input                                             .pioenvs\nanoatmega328\src\main.cpp.o (symbol from plugin)
loop                                              .pioenvs\nanoatmega328\src\main.cpp.o (symbol from plugin)
                                                  main.cpp.o (symbol from plugin)
main                                              D:\Users\andov\AppData\Local\Temp\cc3lqzUU.ltrans0.ltrans.o
                                                  main.cpp.o (symbol from plugin)
                                                  d:/users/andov/.platformio/packages/toolchain-atmelavr/bin/../lib/gcc/avr/5.4.0/../../../../avr/lib/avr5/crtatmega328p.o
micros                                            wiring.c.o (symbol from plugin)
millis                                            wiring.c.o (symbol from plugin)
output                                            .pioenvs\nanoatmega328\src\main.cpp.o (symbol from plugin)
setup                                             .pioenvs\nanoatmega328\src\main.cpp.o (symbol from plugin)
                                                  main.cpp.o (symbol from plugin)
timer0_millis                                     wiring.c.o (symbol from plugin)
timer0_overflow_count                             wiring.c.o (symbol from plugin)
yield                                             hooks.c.o (symbol from plugin)
                                                  wiring.c.o (symbol from plugin)
